// Jest Snapshot v1, https://goo.gl/fbAQLP

exports[`Main snapshot render should Main render 1`] = `
<DocumentFragment>
  <main
    class="main"
  >
    <div
      class="mainContainer"
    >
      <div>
        <h1
          class="mainTitleText"
        >
          Instant currency exchange
        </h1>
        <div
          class="mainCurrency"
        >
          <div
            class="mainInputAndSelect"
          >
            <div
              class=" css-b62m3t-container"
            >
              <span
                class="css-1f43avz-a11yText-A11yText"
                id="react-select-2-live-region"
              />
              <span
                aria-atomic="false"
                aria-live="polite"
                aria-relevant="additions text"
                class="css-1f43avz-a11yText-A11yText"
              />
              <div
                class=" css-wqq7bk-control"
              >
                <div
                  class=" css-319lph-ValueContainer"
                >
                  <div
                    class=" css-qc6sy-singleValue"
                  >
                    EUR
                  </div>
                  <div
                    class=" css-6j8wv5-Input"
                    data-value=""
                  >
                    <input
                      aria-autocomplete="list"
                      aria-expanded="false"
                      aria-haspopup="true"
                      autocapitalize="none"
                      autocomplete="off"
                      autocorrect="off"
                      class=""
                      id="react-select-2-input"
                      role="combobox"
                      spellcheck="false"
                      style="opacity: 1; width: 100%; grid-area: 1 / 2; min-width: 2px; border: 0px; margin: 0px; outline: 0; padding: 0px;"
                      tabindex="0"
                      type="text"
                      value=""
                    />
                  </div>
                </div>
                <div
                  class=" css-1hb7zxy-IndicatorsContainer"
                >
                  <span
                    class=" css-1okebmr-indicatorSeparator"
                  />
                  <div
                    aria-hidden="true"
                    class=" css-tlfecz-indicatorContainer"
                  >
                    <svg
                      aria-hidden="true"
                      class="css-tj5bde-Svg"
                      focusable="false"
                      height="20"
                      viewBox="0 0 20 20"
                      width="20"
                    >
                      <path
                        d="M4.516 7.548c0.436-0.446 1.043-0.481 1.576 0l3.908 3.747 3.908-3.747c0.533-0.481 1.141-0.446 1.574 0 0.436 0.445 0.408 1.197 0 1.615-0.406 0.418-4.695 4.502-4.695 4.502-0.217 0.223-0.502 0.335-0.787 0.335s-0.57-0.112-0.789-0.335c0 0-4.287-4.084-4.695-4.502s-0.436-1.17 0-1.615z"
                      />
                    </svg>
                  </div>
                </div>
              </div>
            </div>
            <input
              class="mainInput"
              data-testid="input"
              placeholder="0,000"
              type="number"
              value="0"
            />
          </div>
          <button
            class="mainBtnReverse"
            data-testid="button"
          >
            <svg
              fill="none"
              height="29"
              viewBox="0 0 27 29"
              width="27"
              xmlns="http://www.w3.org/2000/svg"
            >
              <path
                d="M5.75 27.4167L1.875 23.5417L5.75 19.6667M21.25 1.58333L25.125 5.45833L21.25 9.33333V1.58333Z"
                stroke="#752AFF"
                stroke-linecap="round"
                stroke-linejoin="round"
                stroke-width="2.58333"
              />
              <path
                d="M25.125 5.45829H10.9167C8.51867 5.45829 6.21888 6.41089 4.52324 8.10653C2.8276 9.80217 1.875 12.102 1.875 14.5M1.875 23.5416H16.0833C18.4813 23.5416 20.7811 22.589 22.4768 20.8934C24.1724 19.1977 25.125 16.898 25.125 14.5"
                stroke="#752AFF"
                stroke-linecap="round"
                stroke-linejoin="round"
                stroke-width="2.58333"
              />
            </svg>
          </button>
          <div
            class="mainInputAndSelect"
          >
            <div
              class=" css-b62m3t-container"
            >
              <span
                class="css-1f43avz-a11yText-A11yText"
                id="react-select-3-live-region"
              />
              <span
                aria-atomic="false"
                aria-live="polite"
                aria-relevant="additions text"
                class="css-1f43avz-a11yText-A11yText"
              />
              <div
                class=" css-wqq7bk-control"
              >
                <div
                  class=" css-319lph-ValueContainer"
                >
                  <div
                    class=" css-qc6sy-singleValue"
                  >
                    UAH
                  </div>
                  <div
                    class=" css-6j8wv5-Input"
                    data-value=""
                  >
                    <input
                      aria-autocomplete="list"
                      aria-expanded="false"
                      aria-haspopup="true"
                      autocapitalize="none"
                      autocomplete="off"
                      autocorrect="off"
                      class=""
                      id="react-select-3-input"
                      role="combobox"
                      spellcheck="false"
                      style="opacity: 1; width: 100%; grid-area: 1 / 2; min-width: 2px; border: 0px; margin: 0px; outline: 0; padding: 0px;"
                      tabindex="0"
                      type="text"
                      value=""
                    />
                  </div>
                </div>
                <div
                  class=" css-1hb7zxy-IndicatorsContainer"
                >
                  <span
                    class=" css-1okebmr-indicatorSeparator"
                  />
                  <div
                    aria-hidden="true"
                    class=" css-tlfecz-indicatorContainer"
                  >
                    <svg
                      aria-hidden="true"
                      class="css-tj5bde-Svg"
                      focusable="false"
                      height="20"
                      viewBox="0 0 20 20"
                      width="20"
                    >
                      <path
                        d="M4.516 7.548c0.436-0.446 1.043-0.481 1.576 0l3.908 3.747 3.908-3.747c0.533-0.481 1.141-0.446 1.574 0 0.436 0.445 0.408 1.197 0 1.615-0.406 0.418-4.695 4.502-4.695 4.502-0.217 0.223-0.502 0.335-0.787 0.335s-0.57-0.112-0.789-0.335c0 0-4.287-4.084-4.695-4.502s-0.436-1.17 0-1.615z"
                      />
                    </svg>
                  </div>
                </div>
              </div>
            </div>
            <input
              class="mainInput"
              data-testid="input"
              placeholder="0,000"
              type="number"
              value="0"
            />
          </div>
        </div>
      </div>
      <img
        alt="big-boss"
        class="mainImg"
        src="big-boss.png"
      />
    </div>
  </main>
</DocumentFragment>
`;
